[] [] 2026-10-06 16:02:02 [background-preinit] INFO  o.h.validator.internal.util.Version HV000001: Hibernate Validator 8.0.3.Final
[] [] 2026-10-06 16:02:02 [restartedMain] INFO  c.a.foundation.FoundationApplication Starting FoundationApplication using Java 17.0.7 with PID 33122 (/Users/awe/code/awe/foundation/foundation-be/target/classes started by awe in /Users/awe/code/awe/foundation/foundation-be)
[] [] 2026-10-06 16:02:02 [restartedMain] DEBUG c.a.foundation.FoundationApplication Running with Spring Boot v3.5.5, Spring v6.2.10
[] [] 2026-10-06 16:02:02 [restartedMain] INFO  c.a.foundation.FoundationApplication No active profile set, falling back to 1 default profile: "default"
[] [] 2026-10-06 16:02:03 [restartedMain] INFO  o.a.coyote.http11.Http11NioProtocol Initializing ProtocolHandler ["http-nio-6001"]
[] [] 2026-10-06 16:02:03 [restartedMain] INFO  o.a.catalina.core.StandardService Starting service [Tomcat]
[] [] 2026-10-06 16:02:03 [restartedMain] INFO  o.a.catalina.core.StandardEngine Starting Servlet engine: [Apache Tomcat/10.1.44]
[] [] 2026-10-06 16:02:03 [restartedMain] INFO  o.a.c.c.C.[.[.[/foundation] Initializing Spring embedded WebApplicationContext
[] [] 2026-10-06 16:02:03 [restartedMain] INFO  c.b.m.e.s.MybatisPlusApplicationContextAware Register ApplicationContext instances org.springframework.boot.web.servlet.context.AnnotationConfigServletWebServerApplicationContext@4139ce0c
[] [] 2026-10-06 16:02:03 [restartedMain] INFO  o.a.coyote.http11.Http11NioProtocol Starting ProtocolHandler ["http-nio-6001"]
[] [] 2026-10-06 16:02:04 [restartedMain] INFO  c.a.foundation.FoundationApplication Started FoundationApplication in 2.284 seconds (process running for 3.011)
[] [] 2026-10-06 16:03:33 [tomcat-shutdown] INFO  o.a.coyote.http11.Http11NioProtocol Pausing ProtocolHandler ["http-nio-6001"]
[] [] 2026-10-06 16:03:35 [Thread-9] INFO  o.a.coyote.http11.Http11NioProtocol Stopping ProtocolHandler ["http-nio-6001"]
[] [] 2026-10-06 16:03:35 [http-nio-6001-Acceptor] ERROR org.apache.tomcat.util.net.Acceptor Socket accept failed
java.nio.channels.AsynchronousCloseException: null
	at java.base/java.nio.channels.spi.AbstractInterruptibleChannel.end(AbstractInterruptibleChannel.java:202)
	at java.base/sun.nio.ch.ServerSocketChannelImpl.end(ServerSocketChannelImpl.java:376)
	at java.base/sun.nio.ch.ServerSocketChannelImpl.accept(ServerSocketChannelImpl.java:399)
	at org.apache.tomcat.util.net.NioEndpoint.serverSocketAccept(NioEndpoint.java:537)
	at org.apache.tomcat.util.net.NioEndpoint.serverSocketAccept(NioEndpoint.java:72)
	at org.apache.tomcat.util.net.Acceptor.run(Acceptor.java:127)
	at java.base/java.lang.Thread.run(Thread.java:833)
[] [] 2026-10-06 16:03:49 [background-preinit] INFO  o.h.validator.internal.util.Version HV000001: Hibernate Validator 8.0.3.Final
[] [] 2026-10-06 16:03:49 [restartedMain] INFO  c.a.foundation.FoundationApplication Starting FoundationApplication using Java 17.0.7 with PID 33340 (/Users/awe/code/awe/foundation/foundation-be/target/classes started by awe in /Users/awe/code/awe/foundation/foundation-be)
[] [] 2026-10-06 16:03:49 [restartedMain] DEBUG c.a.foundation.FoundationApplication Running with Spring Boot v3.5.5, Spring v6.2.10
[] [] 2026-10-06 16:03:49 [restartedMain] INFO  c.a.foundation.FoundationApplication No active profile set, falling back to 1 default profile: "default"
[] [] 2026-10-06 16:03:50 [restartedMain] INFO  o.a.coyote.http11.Http11NioProtocol Initializing ProtocolHandler ["http-nio-6001"]
[] [] 2026-10-06 16:03:50 [restartedMain] INFO  o.a.catalina.core.StandardService Starting service [Tomcat]
[] [] 2026-10-06 16:03:50 [restartedMain] INFO  o.a.catalina.core.StandardEngine Starting Servlet engine: [Apache Tomcat/10.1.44]
[] [] 2026-10-06 16:03:50 [restartedMain] INFO  o.a.c.c.C.[.[.[/foundation] Initializing Spring embedded WebApplicationContext
[] [] 2026-10-06 16:03:51 [restartedMain] INFO  c.b.m.e.s.MybatisPlusApplicationContextAware Register ApplicationContext instances org.springframework.boot.web.servlet.context.AnnotationConfigServletWebServerApplicationContext@582a582a
[] [] 2026-10-06 16:03:51 [restartedMain] INFO  o.a.coyote.http11.Http11NioProtocol Starting ProtocolHandler ["http-nio-6001"]
[] [] 2026-10-06 16:03:51 [restartedMain] INFO  c.a.foundation.FoundationApplication Started FoundationApplication in 2.208 seconds (process running for 3.066)
[] [] 2026-10-06 16:06:29 [tomcat-shutdown] INFO  o.a.coyote.http11.Http11NioProtocol Pausing ProtocolHandler ["http-nio-6001"]
[] [] 2026-10-06 16:06:31 [Thread-9] INFO  o.a.coyote.http11.Http11NioProtocol Stopping ProtocolHandler ["http-nio-6001"]
[] [] 2026-10-06 16:06:31 [http-nio-6001-Acceptor] ERROR org.apache.tomcat.util.net.Acceptor Socket accept failed
java.nio.channels.AsynchronousCloseException: null
	at java.base/java.nio.channels.spi.AbstractInterruptibleChannel.end(AbstractInterruptibleChannel.java:202)
	at java.base/sun.nio.ch.ServerSocketChannelImpl.end(ServerSocketChannelImpl.java:376)
	at java.base/sun.nio.ch.ServerSocketChannelImpl.accept(ServerSocketChannelImpl.java:399)
	at org.apache.tomcat.util.net.NioEndpoint.serverSocketAccept(NioEndpoint.java:537)
	at org.apache.tomcat.util.net.NioEndpoint.serverSocketAccept(NioEndpoint.java:72)
	at org.apache.tomcat.util.net.Acceptor.run(Acceptor.java:127)
	at java.base/java.lang.Thread.run(Thread.java:833)
[] [] 2026-10-06 16:06:31 [restartedMain] INFO  c.a.foundation.FoundationApplication Starting FoundationApplication using Java 17.0.7 with PID 33340 (/Users/awe/code/awe/foundation/foundation-be/target/classes started by awe in /Users/awe/code/awe/foundation/foundation-be)
[] [] 2026-10-06 16:06:31 [restartedMain] DEBUG c.a.foundation.FoundationApplication Running with Spring Boot v3.5.5, Spring v6.2.10
[] [] 2026-10-06 16:06:31 [restartedMain] INFO  c.a.foundation.FoundationApplication No active profile set, falling back to 1 default profile: "default"
[] [] 2026-10-06 16:06:32 [restartedMain] INFO  o.a.coyote.http11.Http11NioProtocol Initializing ProtocolHandler ["http-nio-6001"]
[] [] 2026-10-06 16:06:32 [restartedMain] INFO  o.a.catalina.core.StandardService Starting service [Tomcat]
[] [] 2026-10-06 16:06:32 [restartedMain] INFO  o.a.catalina.core.StandardEngine Starting Servlet engine: [Apache Tomcat/10.1.44]
[] [] 2026-10-06 16:06:32 [restartedMain] INFO  o.a.c.c.C.[.[.[/foundation] Initializing Spring embedded WebApplicationContext
[] [] 2026-10-06 16:06:32 [restartedMain] INFO  c.b.m.e.s.MybatisPlusApplicationContextAware Register ApplicationContext instances org.springframework.boot.web.servlet.context.AnnotationConfigServletWebServerApplicationContext@ae44f3
[] [] 2026-10-06 16:06:32 [restartedMain] INFO  o.a.coyote.http11.Http11NioProtocol Starting ProtocolHandler ["http-nio-6001"]
[] [] 2026-10-06 16:06:32 [restartedMain] INFO  c.a.foundation.FoundationApplication Started FoundationApplication in 1.035 seconds (process running for 164.025)
